Analysis & Synthesis report for proyecto
Wed Jan 16 13:25:34 2019
Quartus Prime Version 17.0.0 Build 595 04/25/2017 SJ Standard Edition


---------------------
; Table of Contents ;
---------------------
  1. Legal Notice
  2. Analysis & Synthesis Summary
  3. Analysis & Synthesis Settings
  4. Parallel Compilation
  5. Analysis & Synthesis Source Files Read
  6. Analysis & Synthesis Resource Usage Summary
  7. Analysis & Synthesis Resource Utilization by Entity
  8. Analysis & Synthesis RAM Summary
  9. Analysis & Synthesis IP Cores Summary
 10. State Machine - |SIMULACION|mss:inst2|y
 11. User-Specified and Inferred Latches
 12. Registers Removed During Synthesis
 13. General Register Statistics
 14. Source assignments for RAMProyecto:inst4|altsyncram:altsyncram_component|altsyncram_1gr3:auto_generated
 15. Parameter Settings for User Entity Instance: RAMProyecto:inst4|altsyncram:altsyncram_component
 16. Parameter Settings for User Entity Instance: registro_sost:inst21
 17. Parameter Settings for User Entity Instance: registro_sost_monedas:inst5
 18. altsyncram Parameter Settings by Entity Instance
 19. Post-Synthesis Netlist Statistics for Top Partition
 20. Elapsed Time Per Partition
 21. Analysis & Synthesis Messages



----------------
; Legal Notice ;
----------------
Copyright (C) 2017  Intel Corporation. All rights reserved.
Your use of Intel Corporation's design tools, logic functions 
and other software and tools, and its AMPP partner logic 
functions, and any output files from any of the foregoing 
(including device programming or simulation files), and any 
associated documentation or information are expressly subject 
to the terms and conditions of the Intel Program License 
Subscription Agreement, the Intel Quartus Prime License Agreement,
the Intel MegaCore Function License Agreement, or other 
applicable license agreement, including, without limitation, 
that your use is for the sole purpose of programming logic 
devices manufactured by Intel and sold by Intel or its 
authorized distributors.  Please refer to the applicable 
agreement for further details.



+--------------------------------------------------------------------------------------+
; Analysis & Synthesis Summary                                                         ;
+------------------------------------+-------------------------------------------------+
; Analysis & Synthesis Status        ; Successful - Wed Jan 16 13:25:34 2019           ;
; Quartus Prime Version              ; 17.0.0 Build 595 04/25/2017 SJ Standard Edition ;
; Revision Name                      ; proyecto                                        ;
; Top-level Entity Name              ; SIMULACION                                      ;
; Family                             ; Cyclone IV E                                    ;
; Total logic elements               ; 112                                             ;
;     Total combinational functions  ; 79                                              ;
;     Dedicated logic registers      ; 97                                              ;
; Total registers                    ; 97                                              ;
; Total pins                         ; 33                                              ;
; Total virtual pins                 ; 0                                               ;
; Total memory bits                  ; 10                                              ;
; Embedded Multiplier 9-bit elements ; 0                                               ;
; Total PLLs                         ; 0                                               ;
+------------------------------------+-------------------------------------------------+


+----------------------------------------------------------------------------------------------------------------------+
; Analysis & Synthesis Settings                                                                                        ;
+----------------------------------------------------------------------------+--------------------+--------------------+
; Option                                                                     ; Setting            ; Default Value      ;
+----------------------------------------------------------------------------+--------------------+--------------------+
; Device                                                                     ; EP4CE22F17C6       ;                    ;
; Top-level entity name                                                      ; SIMULACION         ; proyecto           ;
; Family name                                                                ; Cyclone IV E       ; Cyclone V          ;
; Use smart compilation                                                      ; Off                ; Off                ;
; Enable parallel Assembler and TimeQuest Timing Analyzer during compilation ; On                 ; On                 ;
; Enable compact report table                                                ; Off                ; Off                ;
; Restructure Multiplexers                                                   ; Auto               ; Auto               ;
; Create Debugging Nodes for IP Cores                                        ; Off                ; Off                ;
; Preserve fewer node names                                                  ; On                 ; On                 ;
; OpenCore Plus hardware evaluation                                          ; Enable             ; Enable             ;
; Verilog Version                                                            ; Verilog_2001       ; Verilog_2001       ;
; VHDL Version                                                               ; VHDL_1993          ; VHDL_1993          ;
; State Machine Processing                                                   ; Auto               ; Auto               ;
; Safe State Machine                                                         ; Off                ; Off                ;
; Extract Verilog State Machines                                             ; On                 ; On                 ;
; Extract VHDL State Machines                                                ; On                 ; On                 ;
; Ignore Verilog initial constructs                                          ; Off                ; Off                ;
; Iteration limit for constant Verilog loops                                 ; 5000               ; 5000               ;
; Iteration limit for non-constant Verilog loops                             ; 250                ; 250                ;
; Add Pass-Through Logic to Inferred RAMs                                    ; On                 ; On                 ;
; Infer RAMs from Raw Logic                                                  ; On                 ; On                 ;
; Parallel Synthesis                                                         ; On                 ; On                 ;
; DSP Block Balancing                                                        ; Auto               ; Auto               ;
; NOT Gate Push-Back                                                         ; On                 ; On                 ;
; Power-Up Don't Care                                                        ; On                 ; On                 ;
; Remove Redundant Logic Cells                                               ; Off                ; Off                ;
; Remove Duplicate Registers                                                 ; On                 ; On                 ;
; Ignore CARRY Buffers                                                       ; Off                ; Off                ;
; Ignore CASCADE Buffers                                                     ; Off                ; Off                ;
; Ignore GLOBAL Buffers                                                      ; Off                ; Off                ;
; Ignore ROW GLOBAL Buffers                                                  ; Off                ; Off                ;
; Ignore LCELL Buffers                                                       ; Off                ; Off                ;
; Ignore SOFT Buffers                                                        ; On                 ; On                 ;
; Limit AHDL Integers to 32 Bits                                             ; Off                ; Off                ;
; Optimization Technique                                                     ; Balanced           ; Balanced           ;
; Carry Chain Length                                                         ; 70                 ; 70                 ;
; Auto Carry Chains                                                          ; On                 ; On                 ;
; Auto Open-Drain Pins                                                       ; On                 ; On                 ;
; Perform WYSIWYG Primitive Resynthesis                                      ; Off                ; Off                ;
; Auto ROM Replacement                                                       ; On                 ; On                 ;
; Auto RAM Replacement                                                       ; On                 ; On                 ;
; Auto DSP Block Replacement                                                 ; On                 ; On                 ;
; Auto Shift Register Replacement                                            ; Auto               ; Auto               ;
; Allow Shift Register Merging across Hierarchies                            ; Auto               ; Auto               ;
; Auto Clock Enable Replacement                                              ; On                 ; On                 ;
; Strict RAM Replacement                                                     ; Off                ; Off                ;
; Allow Synchronous Control Signals                                          ; On                 ; On                 ;
; Force Use of Synchronous Clear Signals                                     ; Off                ; Off                ;
; Auto RAM Block Balancing                                                   ; On                 ; On                 ;
; Auto RAM to Logic Cell Conversion                                          ; Off                ; Off                ;
; Auto Resource Sharing                                                      ; Off                ; Off                ;
; Allow Any RAM Size For Recognition                                         ; Off                ; Off                ;
; Allow Any ROM Size For Recognition                                         ; Off                ; Off                ;
; Allow Any Shift Register Size For Recognition                              ; Off                ; Off                ;
; Use LogicLock Constraints during Resource Balancing                        ; On                 ; On                 ;
; Ignore translate_off and synthesis_off directives                          ; Off                ; Off                ;
; Timing-Driven Synthesis                                                    ; On                 ; On                 ;
; Report Parameter Settings                                                  ; On                 ; On                 ;
; Report Source Assignments                                                  ; On                 ; On                 ;
; Report Connectivity Checks                                                 ; On                 ; On                 ;
; Ignore Maximum Fan-Out Assignments                                         ; Off                ; Off                ;
; Synchronization Register Chain Length                                      ; 2                  ; 2                  ;
; PowerPlay Power Optimization During Synthesis                              ; Normal compilation ; Normal compilation ;
; HDL message level                                                          ; Level2             ; Level2             ;
; Suppress Register Optimization Related Messages                            ; Off                ; Off                ;
; Number of Removed Registers Reported in Synthesis Report                   ; 5000               ; 5000               ;
; Number of Swept Nodes Reported in Synthesis Report                         ; 5000               ; 5000               ;
; Number of Inverted Registers Reported in Synthesis Report                  ; 100                ; 100                ;
; Clock MUX Protection                                                       ; On                 ; On                 ;
; Auto Gated Clock Conversion                                                ; Off                ; Off                ;
; Block Design Naming                                                        ; Auto               ; Auto               ;
; SDC constraint protection                                                  ; Off                ; Off                ;
; Synthesis Effort                                                           ; Auto               ; Auto               ;
; Shift Register Replacement - Allow Asynchronous Clear Signal               ; On                 ; On                 ;
; Pre-Mapping Resynthesis Optimization                                       ; Off                ; Off                ;
; Analysis & Synthesis Message Level                                         ; Medium             ; Medium             ;
; Disable Register Merging Across Hierarchies                                ; Auto               ; Auto               ;
; Resource Aware Inference For Block RAM                                     ; On                 ; On                 ;
+----------------------------------------------------------------------------+--------------------+--------------------+


+------------------------------------------+
; Parallel Compilation                     ;
+----------------------------+-------------+
; Processors                 ; Number      ;
+----------------------------+-------------+
; Number detected on machine ; 8           ;
; Maximum allowed            ; 4           ;
;                            ;             ;
; Average used               ; 1.00        ;
; Maximum used               ; 4           ;
;                            ;             ;
; Usage by Processor         ; % Time Used ;
;     Processor 1            ; 100.0%      ;
;     Processor 2            ;   0.0%      ;
;     Processors 3-4         ;   0.0%      ;
+----------------------------+-------------+


+---------------------------------------------------------------------------------------------------------------------------------------------------------------------------------+
; Analysis & Synthesis Source Files Read                                                                                                                                          ;
+----------------------------------+-----------------+----------------------------------------+-------------------------------------------------------------------------+---------+
; File Name with User-Entered Path ; Used in Netlist ; File Type                              ; File Name with Absolute Path                                            ; Library ;
+----------------------------------+-----------------+----------------------------------------+-------------------------------------------------------------------------+---------+
; ANTIREBOTE.vhd                   ; yes             ; User VHDL File                         ; E:/ProyectoDIGI/proyecto2 - Copy - sinEntrada/ANTIREBOTE.vhd            ;         ;
; mss.vhd                          ; yes             ; User VHDL File                         ; E:/ProyectoDIGI/proyecto2 - Copy - sinEntrada/mss.vhd                   ;         ;
; CLOCK_DIV_50.vhd                 ; yes             ; User VHDL File                         ; E:/ProyectoDIGI/proyecto2 - Copy - sinEntrada/CLOCK_DIV_50.vhd          ;         ;
; registro_sost.vhd                ; yes             ; User VHDL File                         ; E:/ProyectoDIGI/proyecto2 - Copy - sinEntrada/registro_sost.vhd         ;         ;
; SIMULACION.bdf                   ; yes             ; User Block Diagram/Schematic File      ; E:/ProyectoDIGI/proyecto2 - Copy - sinEntrada/SIMULACION.bdf            ;         ;
; comparador_viajes.vhd            ; yes             ; User VHDL File                         ; E:/ProyectoDIGI/proyecto2 - Copy - sinEntrada/comparador_viajes.vhd     ;         ;
; comparador_monedas.vhd           ; yes             ; User VHDL File                         ; E:/ProyectoDIGI/proyecto2 - Copy - sinEntrada/comparador_monedas.vhd    ;         ;
; contador_UP_viajes.vhd           ; yes             ; User VHDL File                         ; E:/ProyectoDIGI/proyecto2 - Copy - sinEntrada/contador_UP_viajes.vhd    ;         ;
; contador_UP_monedas.vhd          ; yes             ; User VHDL File                         ; E:/ProyectoDIGI/proyecto2 - Copy - sinEntrada/contador_UP_monedas.vhd   ;         ;
; registro_sost_monedas.vhd        ; yes             ; User VHDL File                         ; E:/ProyectoDIGI/proyecto2 - Copy - sinEntrada/registro_sost_monedas.vhd ;         ;
; RAMProyecto.vhd                  ; yes             ; User Wizard-Generated File             ; E:/ProyectoDIGI/proyecto2 - Copy - sinEntrada/RAMProyecto.vhd           ;         ;
; altsyncram.tdf                   ; yes             ; Megafunction                           ; c:/intelfpga/17.0/quartus/libraries/megafunctions/altsyncram.tdf        ;         ;
; stratix_ram_block.inc            ; yes             ; Megafunction                           ; c:/intelfpga/17.0/quartus/libraries/megafunctions/stratix_ram_block.inc ;         ;
; lpm_mux.inc                      ; yes             ; Megafunction                           ; c:/intelfpga/17.0/quartus/libraries/megafunctions/lpm_mux.inc           ;         ;
; lpm_decode.inc                   ; yes             ; Megafunction                           ; c:/intelfpga/17.0/quartus/libraries/megafunctions/lpm_decode.inc        ;         ;
; aglobal170.inc                   ; yes             ; Megafunction                           ; c:/intelfpga/17.0/quartus/libraries/megafunctions/aglobal170.inc        ;         ;
; a_rdenreg.inc                    ; yes             ; Megafunction                           ; c:/intelfpga/17.0/quartus/libraries/megafunctions/a_rdenreg.inc         ;         ;
; altrom.inc                       ; yes             ; Megafunction                           ; c:/intelfpga/17.0/quartus/libraries/megafunctions/altrom.inc            ;         ;
; altram.inc                       ; yes             ; Megafunction                           ; c:/intelfpga/17.0/quartus/libraries/megafunctions/altram.inc            ;         ;
; altdpram.inc                     ; yes             ; Megafunction                           ; c:/intelfpga/17.0/quartus/libraries/megafunctions/altdpram.inc          ;         ;
; db/altsyncram_1gr3.tdf           ; yes             ; Auto-Generated Megafunction            ; E:/ProyectoDIGI/proyecto2 - Copy - sinEntrada/db/altsyncram_1gr3.tdf    ;         ;
; proyecto.mif                     ; yes             ; Auto-Found Memory Initialization File  ; E:/ProyectoDIGI/proyecto2 - Copy - sinEntrada/proyecto.mif              ;         ;
+----------------------------------+-----------------+----------------------------------------+-------------------------------------------------------------------------+---------+


+------------------------------------------------------------------------------+
; Analysis & Synthesis Resource Usage Summary                                  ;
+---------------------------------------------+--------------------------------+
; Resource                                    ; Usage                          ;
+---------------------------------------------+--------------------------------+
; Estimated Total logic elements              ; 112                            ;
;                                             ;                                ;
; Total combinational functions               ; 79                             ;
; Logic element usage by number of LUT inputs ;                                ;
;     -- 4 input functions                    ; 22                             ;
;     -- 3 input functions                    ; 26                             ;
;     -- <=2 input functions                  ; 31                             ;
;                                             ;                                ;
; Logic elements by mode                      ;                                ;
;     -- normal mode                          ; 71                             ;
;     -- arithmetic mode                      ; 8                              ;
;                                             ;                                ;
; Total registers                             ; 97                             ;
;     -- Dedicated logic registers            ; 97                             ;
;     -- I/O registers                        ; 0                              ;
;                                             ;                                ;
; I/O pins                                    ; 33                             ;
; Total memory bits                           ; 10                             ;
;                                             ;                                ;
; Embedded Multiplier 9-bit elements          ; 0                              ;
;                                             ;                                ;
; Maximum fan-out node                        ; CLOCK_DIV_50:inst3|CLOCK_100Hz ;
; Maximum fan-out                             ; 40                             ;
; Total fan-out                               ; 514                            ;
; Average fan-out                             ; 2.08                           ;
+---------------------------------------------+--------------------------------+


+------------------------------------------------------------------------------------------------------------------------------------------------------------------------------------------------------------------------------------------------------------------------------------------------------------+
; Analysis & Synthesis Resource Utilization by Entity                                                                                                                                                                                                                                                        ;
+-------------------------------------------+---------------------+---------------------------+-------------+--------------+---------+-----------+------+--------------+----------------------------------------------------------------------------------------------+-----------------------+--------------+
; Compilation Hierarchy Node                ; Combinational ALUTs ; Dedicated Logic Registers ; Memory Bits ; DSP Elements ; DSP 9x9 ; DSP 18x18 ; Pins ; Virtual Pins ; Full Hierarchy Name                                                                          ; Entity Name           ; Library Name ;
+-------------------------------------------+---------------------+---------------------------+-------------+--------------+---------+-----------+------+--------------+----------------------------------------------------------------------------------------------+-----------------------+--------------+
; |SIMULACION                               ; 79 (3)              ; 97 (0)                    ; 10          ; 0            ; 0       ; 0         ; 33   ; 0            ; |SIMULACION                                                                                  ; SIMULACION            ; work         ;
;    |ANTIREBOTE:inst16|                    ; 2 (2)               ; 5 (5)                     ; 0           ; 0            ; 0       ; 0         ; 0    ; 0            ; |SIMULACION|ANTIREBOTE:inst16                                                                ; ANTIREBOTE            ; work         ;
;    |ANTIREBOTE:inst17|                    ; 2 (2)               ; 5 (5)                     ; 0           ; 0            ; 0       ; 0         ; 0    ; 0            ; |SIMULACION|ANTIREBOTE:inst17                                                                ; ANTIREBOTE            ; work         ;
;    |ANTIREBOTE:inst18|                    ; 2 (2)               ; 5 (5)                     ; 0           ; 0            ; 0       ; 0         ; 0    ; 0            ; |SIMULACION|ANTIREBOTE:inst18                                                                ; ANTIREBOTE            ; work         ;
;    |ANTIREBOTE:inst20|                    ; 2 (2)               ; 5 (5)                     ; 0           ; 0            ; 0       ; 0         ; 0    ; 0            ; |SIMULACION|ANTIREBOTE:inst20                                                                ; ANTIREBOTE            ; work         ;
;    |ANTIREBOTE:inst22|                    ; 2 (2)               ; 5 (5)                     ; 0           ; 0            ; 0       ; 0         ; 0    ; 0            ; |SIMULACION|ANTIREBOTE:inst22                                                                ; ANTIREBOTE            ; work         ;
;    |ANTIREBOTE:inst23|                    ; 2 (2)               ; 5 (5)                     ; 0           ; 0            ; 0       ; 0         ; 0    ; 0            ; |SIMULACION|ANTIREBOTE:inst23                                                                ; ANTIREBOTE            ; work         ;
;    |ANTIREBOTE:inst8|                     ; 2 (2)               ; 5 (5)                     ; 0           ; 0            ; 0       ; 0         ; 0    ; 0            ; |SIMULACION|ANTIREBOTE:inst8                                                                 ; ANTIREBOTE            ; work         ;
;    |ANTIREBOTE:inst9|                     ; 2 (2)               ; 5 (5)                     ; 0           ; 0            ; 0       ; 0         ; 0    ; 0            ; |SIMULACION|ANTIREBOTE:inst9                                                                 ; ANTIREBOTE            ; work         ;
;    |CLOCK_DIV_50:inst3|                   ; 25 (25)             ; 26 (26)                   ; 0           ; 0            ; 0       ; 0         ; 0    ; 0            ; |SIMULACION|CLOCK_DIV_50:inst3                                                               ; CLOCK_DIV_50          ; work         ;
;    |RAMProyecto:inst4|                    ; 0 (0)               ; 0 (0)                     ; 10          ; 0            ; 0       ; 0         ; 0    ; 0            ; |SIMULACION|RAMProyecto:inst4                                                                ; RAMProyecto           ; work         ;
;       |altsyncram:altsyncram_component|   ; 0 (0)               ; 0 (0)                     ; 10          ; 0            ; 0       ; 0         ; 0    ; 0            ; |SIMULACION|RAMProyecto:inst4|altsyncram:altsyncram_component                                ; altsyncram            ; work         ;
;          |altsyncram_1gr3:auto_generated| ; 0 (0)               ; 0 (0)                     ; 10          ; 0            ; 0       ; 0         ; 0    ; 0            ; |SIMULACION|RAMProyecto:inst4|altsyncram:altsyncram_component|altsyncram_1gr3:auto_generated ; altsyncram_1gr3       ; work         ;
;    |contador_UP_monedas:inst19|           ; 3 (3)               ; 3 (3)                     ; 0           ; 0            ; 0       ; 0         ; 0    ; 0            ; |SIMULACION|contador_UP_monedas:inst19                                                       ; contador_UP_monedas   ; work         ;
;    |contador_UP_viajes:insta|             ; 5 (5)               ; 5 (5)                     ; 0           ; 0            ; 0       ; 0         ; 0    ; 0            ; |SIMULACION|contador_UP_viajes:insta                                                         ; contador_UP_viajes    ; work         ;
;    |mss:inst2|                            ; 27 (27)             ; 20 (20)                   ; 0           ; 0            ; 0       ; 0         ; 0    ; 0            ; |SIMULACION|mss:inst2                                                                        ; mss                   ; work         ;
;    |registro_sost_monedas:inst5|          ; 0 (0)               ; 3 (3)                     ; 0           ; 0            ; 0       ; 0         ; 0    ; 0            ; |SIMULACION|registro_sost_monedas:inst5                                                      ; registro_sost_monedas ; work         ;
+-------------------------------------------+---------------------+---------------------------+-------------+--------------+---------+-----------+------+--------------+----------------------------------------------------------------------------------------------+-----------------------+--------------+
Note: For table entries with two numbers listed, the numbers in parentheses indicate the number of resources of the given type used by the specific entity alone. The numbers listed outside of parentheses indicate the total resources of the given type used by the specific entity and all of its sub-entities in the hierarchy.


+----------------------------------------------------------------------------------------------------------------------------------------------------------------------------------------------------+
; Analysis & Synthesis RAM Summary                                                                                                                                                                   ;
+---------------------------------------------------------------------------------------------+------+-------------+--------------+--------------+--------------+--------------+------+--------------+
; Name                                                                                        ; Type ; Mode        ; Port A Depth ; Port A Width ; Port B Depth ; Port B Width ; Size ; MIF          ;
+---------------------------------------------------------------------------------------------+------+-------------+--------------+--------------+--------------+--------------+------+--------------+
; RAMProyecto:inst4|altsyncram:altsyncram_component|altsyncram_1gr3:auto_generated|ALTSYNCRAM ; AUTO ; Single Port ; 16           ; 5            ; --           ; --           ; 80   ; proyecto.mif ;
+---------------------------------------------------------------------------------------------+------+-------------+--------------+--------------+--------------+--------------+------+--------------+


+-----------------------------------------------------------------------------------------------------------------+
; Analysis & Synthesis IP Cores Summary                                                                           ;
+--------+--------------+---------+--------------+--------------+-------------------------------+-----------------+
; Vendor ; IP Core Name ; Version ; Release Date ; License Type ; Entity Instance               ; IP Include File ;
+--------+--------------+---------+--------------+--------------+-------------------------------+-----------------+
; Altera ; RAM: 1-PORT  ; 18.0    ; N/A          ; N/A          ; |SIMULACION|RAMProyecto:inst4 ; RAMProyecto.vhd ;
+--------+--------------+---------+--------------+--------------+-------------------------------+-----------------+


Encoding Type:  One-Hot
+---------------------------------------------------------------------------------------------------------------------------------------------------------+
; State Machine - |SIMULACION|mss:inst2|y                                                                                                                 ;
+------+------+------+------+------+------+------+------+------+------+------+------+------+------+------+------+------+------+------+------+------+------+
; Name ; y.Tz ; y.Tx ; y.Tu ; y.tt ; y.Ts ; y.Tr ; y.Tq ; y.Tp ; y.Tn ; y.Tm ; y.Tl ; y.Tk ; y.Tj ; y.Ti ; y.Th ; y.Tf ; y.Te ; y.Td ; y.Tc ; y.Tb ; y.Ta ;
+------+------+------+------+------+------+------+------+------+------+------+------+------+------+------+------+------+------+------+------+------+------+
; y.Ta ; 0    ; 0    ; 0    ; 0    ; 0    ; 0    ; 0    ; 0    ; 0    ; 0    ; 0    ; 0    ; 0    ; 0    ; 0    ; 0    ; 0    ; 0    ; 0    ; 0    ; 0    ;
; y.Tb ; 0    ; 0    ; 0    ; 0    ; 0    ; 0    ; 0    ; 0    ; 0    ; 0    ; 0    ; 0    ; 0    ; 0    ; 0    ; 0    ; 0    ; 0    ; 0    ; 1    ; 1    ;
; y.Tc ; 0    ; 0    ; 0    ; 0    ; 0    ; 0    ; 0    ; 0    ; 0    ; 0    ; 0    ; 0    ; 0    ; 0    ; 0    ; 0    ; 0    ; 0    ; 1    ; 0    ; 1    ;
; y.Td ; 0    ; 0    ; 0    ; 0    ; 0    ; 0    ; 0    ; 0    ; 0    ; 0    ; 0    ; 0    ; 0    ; 0    ; 0    ; 0    ; 0    ; 1    ; 0    ; 0    ; 1    ;
; y.Te ; 0    ; 0    ; 0    ; 0    ; 0    ; 0    ; 0    ; 0    ; 0    ; 0    ; 0    ; 0    ; 0    ; 0    ; 0    ; 0    ; 1    ; 0    ; 0    ; 0    ; 1    ;
; y.Tf ; 0    ; 0    ; 0    ; 0    ; 0    ; 0    ; 0    ; 0    ; 0    ; 0    ; 0    ; 0    ; 0    ; 0    ; 0    ; 1    ; 0    ; 0    ; 0    ; 0    ; 1    ;
; y.Th ; 0    ; 0    ; 0    ; 0    ; 0    ; 0    ; 0    ; 0    ; 0    ; 0    ; 0    ; 0    ; 0    ; 0    ; 1    ; 0    ; 0    ; 0    ; 0    ; 0    ; 1    ;
; y.Ti ; 0    ; 0    ; 0    ; 0    ; 0    ; 0    ; 0    ; 0    ; 0    ; 0    ; 0    ; 0    ; 0    ; 1    ; 0    ; 0    ; 0    ; 0    ; 0    ; 0    ; 1    ;
; y.Tj ; 0    ; 0    ; 0    ; 0    ; 0    ; 0    ; 0    ; 0    ; 0    ; 0    ; 0    ; 0    ; 1    ; 0    ; 0    ; 0    ; 0    ; 0    ; 0    ; 0    ; 1    ;
; y.Tk ; 0    ; 0    ; 0    ; 0    ; 0    ; 0    ; 0    ; 0    ; 0    ; 0    ; 0    ; 1    ; 0    ; 0    ; 0    ; 0    ; 0    ; 0    ; 0    ; 0    ; 1    ;
; y.Tl ; 0    ; 0    ; 0    ; 0    ; 0    ; 0    ; 0    ; 0    ; 0    ; 0    ; 1    ; 0    ; 0    ; 0    ; 0    ; 0    ; 0    ; 0    ; 0    ; 0    ; 1    ;
; y.Tm ; 0    ; 0    ; 0    ; 0    ; 0    ; 0    ; 0    ; 0    ; 0    ; 1    ; 0    ; 0    ; 0    ; 0    ; 0    ; 0    ; 0    ; 0    ; 0    ; 0    ; 1    ;
; y.Tn ; 0    ; 0    ; 0    ; 0    ; 0    ; 0    ; 0    ; 0    ; 1    ; 0    ; 0    ; 0    ; 0    ; 0    ; 0    ; 0    ; 0    ; 0    ; 0    ; 0    ; 1    ;
; y.Tp ; 0    ; 0    ; 0    ; 0    ; 0    ; 0    ; 0    ; 1    ; 0    ; 0    ; 0    ; 0    ; 0    ; 0    ; 0    ; 0    ; 0    ; 0    ; 0    ; 0    ; 1    ;
; y.Tq ; 0    ; 0    ; 0    ; 0    ; 0    ; 0    ; 1    ; 0    ; 0    ; 0    ; 0    ; 0    ; 0    ; 0    ; 0    ; 0    ; 0    ; 0    ; 0    ; 0    ; 1    ;
; y.Tr ; 0    ; 0    ; 0    ; 0    ; 0    ; 1    ; 0    ; 0    ; 0    ; 0    ; 0    ; 0    ; 0    ; 0    ; 0    ; 0    ; 0    ; 0    ; 0    ; 0    ; 1    ;
; y.Ts ; 0    ; 0    ; 0    ; 0    ; 1    ; 0    ; 0    ; 0    ; 0    ; 0    ; 0    ; 0    ; 0    ; 0    ; 0    ; 0    ; 0    ; 0    ; 0    ; 0    ; 1    ;
; y.tt ; 0    ; 0    ; 0    ; 1    ; 0    ; 0    ; 0    ; 0    ; 0    ; 0    ; 0    ; 0    ; 0    ; 0    ; 0    ; 0    ; 0    ; 0    ; 0    ; 0    ; 1    ;
; y.Tu ; 0    ; 0    ; 1    ; 0    ; 0    ; 0    ; 0    ; 0    ; 0    ; 0    ; 0    ; 0    ; 0    ; 0    ; 0    ; 0    ; 0    ; 0    ; 0    ; 0    ; 1    ;
; y.Tx ; 0    ; 1    ; 0    ; 0    ; 0    ; 0    ; 0    ; 0    ; 0    ; 0    ; 0    ; 0    ; 0    ; 0    ; 0    ; 0    ; 0    ; 0    ; 0    ; 0    ; 1    ;
; y.Tz ; 1    ; 0    ; 0    ; 0    ; 0    ; 0    ; 0    ; 0    ; 0    ; 0    ; 0    ; 0    ; 0    ; 0    ; 0    ; 0    ; 0    ; 0    ; 0    ; 0    ; 1    ;
+------+------+------+------+------+------+------+------+------+------+------+------+------+------+------+------+------+------+------+------+------+------+


+---------------------------------------------------------------------------------------------------+
; User-Specified and Inferred Latches                                                               ;
+----------------------------------------------------+---------------------+------------------------+
; Latch Name                                         ; Latch Enable Signal ; Free of Timing Hazards ;
+----------------------------------------------------+---------------------+------------------------+
; mss:inst2|EnM                                      ; mss:inst2|y.Tx      ; yes                    ;
; mss:inst2|resetD                                   ; mss:inst2|y.Tm      ; yes                    ;
; Number of user-specified and inferred latches = 2  ;                     ;                        ;
+----------------------------------------------------+---------------------+------------------------+
Note: All latches listed above may not be present at the end of synthesis due to various synthesis optimizations.


+--------------------------------------------------------------------------------+
; Registers Removed During Synthesis                                             ;
+---------------------------------------+----------------------------------------+
; Register name                         ; Reason for Removal                     ;
+---------------------------------------+----------------------------------------+
; registro_sost:inst21|temp[0..3]       ; Stuck at GND due to stuck port data_in ;
; mss:inst2|y.Tl                        ; Stuck at GND due to stuck port data_in ;
; Total Number of Removed Registers = 5 ;                                        ;
+---------------------------------------+----------------------------------------+


+------------------------------------------------------+
; General Register Statistics                          ;
+----------------------------------------------+-------+
; Statistic                                    ; Value ;
+----------------------------------------------+-------+
; Total registers                              ; 97    ;
; Number of registers using Synchronous Clear  ; 6     ;
; Number of registers using Synchronous Load   ; 0     ;
; Number of registers using Asynchronous Clear ; 20    ;
; Number of registers using Asynchronous Load  ; 0     ;
; Number of registers using Clock Enable       ; 6     ;
; Number of registers using Preset             ; 0     ;
+----------------------------------------------+-------+


+---------------------------------------------------------------------------------------------------------+
; Source assignments for RAMProyecto:inst4|altsyncram:altsyncram_component|altsyncram_1gr3:auto_generated ;
+---------------------------------+--------------------+------+-------------------------------------------+
; Assignment                      ; Value              ; From ; To                                        ;
+---------------------------------+--------------------+------+-------------------------------------------+
; OPTIMIZE_POWER_DURING_SYNTHESIS ; NORMAL_COMPILATION ; -    ; -                                         ;
+---------------------------------+--------------------+------+-------------------------------------------+


+------------------------------------------------------------------------------------------------+
; Parameter Settings for User Entity Instance: RAMProyecto:inst4|altsyncram:altsyncram_component ;
+------------------------------------+----------------------+------------------------------------+
; Parameter Name                     ; Value                ; Type                               ;
+------------------------------------+----------------------+------------------------------------+
; BYTE_SIZE_BLOCK                    ; 8                    ; Untyped                            ;
; AUTO_CARRY_CHAINS                  ; ON                   ; AUTO_CARRY                         ;
; IGNORE_CARRY_BUFFERS               ; OFF                  ; IGNORE_CARRY                       ;
; AUTO_CASCADE_CHAINS                ; ON                   ; AUTO_CASCADE                       ;
; IGNORE_CASCADE_BUFFERS             ; OFF                  ; IGNORE_CASCADE                     ;
; WIDTH_BYTEENA                      ; 1                    ; Untyped                            ;
; OPERATION_MODE                     ; SINGLE_PORT          ; Untyped                            ;
; WIDTH_A                            ; 5                    ; Signed Integer                     ;
; WIDTHAD_A                          ; 4                    ; Signed Integer                     ;
; NUMWORDS_A                         ; 16                   ; Signed Integer                     ;
; OUTDATA_REG_A                      ; CLOCK0               ; Untyped                            ;
; ADDRESS_ACLR_A                     ; NONE                 ; Untyped                            ;
; OUTDATA_ACLR_A                     ; NONE                 ; Untyped                            ;
; WRCONTROL_ACLR_A                   ; NONE                 ; Untyped                            ;
; INDATA_ACLR_A                      ; NONE                 ; Untyped                            ;
; BYTEENA_ACLR_A                     ; NONE                 ; Untyped                            ;
; WIDTH_B                            ; 1                    ; Signed Integer                     ;
; WIDTHAD_B                          ; 1                    ; Signed Integer                     ;
; NUMWORDS_B                         ; 0                    ; Signed Integer                     ;
; INDATA_REG_B                       ; CLOCK1               ; Untyped                            ;
; WRCONTROL_WRADDRESS_REG_B          ; CLOCK1               ; Untyped                            ;
; RDCONTROL_REG_B                    ; CLOCK1               ; Untyped                            ;
; ADDRESS_REG_B                      ; CLOCK1               ; Untyped                            ;
; OUTDATA_REG_B                      ; UNREGISTERED         ; Untyped                            ;
; BYTEENA_REG_B                      ; CLOCK1               ; Untyped                            ;
; INDATA_ACLR_B                      ; NONE                 ; Untyped                            ;
; WRCONTROL_ACLR_B                   ; NONE                 ; Untyped                            ;
; ADDRESS_ACLR_B                     ; NONE                 ; Untyped                            ;
; OUTDATA_ACLR_B                     ; NONE                 ; Untyped                            ;
; RDCONTROL_ACLR_B                   ; NONE                 ; Untyped                            ;
; BYTEENA_ACLR_B                     ; NONE                 ; Untyped                            ;
; WIDTH_BYTEENA_A                    ; 1                    ; Signed Integer                     ;
; WIDTH_BYTEENA_B                    ; 1                    ; Signed Integer                     ;
; RAM_BLOCK_TYPE                     ; AUTO                 ; Untyped                            ;
; BYTE_SIZE                          ; 8                    ; Signed Integer                     ;
; READ_DURING_WRITE_MODE_MIXED_PORTS ; DONT_CARE            ; Untyped                            ;
; READ_DURING_WRITE_MODE_PORT_A      ; NEW_DATA_NO_NBE_READ ; Untyped                            ;
; READ_DURING_WRITE_MODE_PORT_B      ; NEW_DATA_NO_NBE_READ ; Untyped                            ;
; INIT_FILE                          ; proyecto.mif         ; Untyped                            ;
; INIT_FILE_LAYOUT                   ; PORT_A               ; Untyped                            ;
; MAXIMUM_DEPTH                      ; 0                    ; Signed Integer                     ;
; CLOCK_ENABLE_INPUT_A               ; BYPASS               ; Untyped                            ;
; CLOCK_ENABLE_INPUT_B               ; NORMAL               ; Untyped                            ;
; CLOCK_ENABLE_OUTPUT_A              ; BYPASS               ; Untyped                            ;
; CLOCK_ENABLE_OUTPUT_B              ; NORMAL               ; Untyped                            ;
; CLOCK_ENABLE_CORE_A                ; USE_INPUT_CLKEN      ; Untyped                            ;
; CLOCK_ENABLE_CORE_B                ; USE_INPUT_CLKEN      ; Untyped                            ;
; ENABLE_ECC                         ; FALSE                ; Untyped                            ;
; ECC_PIPELINE_STAGE_ENABLED         ; FALSE                ; Untyped                            ;
; WIDTH_ECCSTATUS                    ; 3                    ; Signed Integer                     ;
; DEVICE_FAMILY                      ; Cyclone IV E         ; Untyped                            ;
; CBXI_PARAMETER                     ; altsyncram_1gr3      ; Untyped                            ;
+------------------------------------+----------------------+------------------------------------+
Note: In order to hide this table in the UI and the text report file, please set the "Show Parameter Settings in Synthesis Report" option in "Analysis and Synthesis Settings -> More Settings" to "Off".


+-------------------------------------------------------------------+
; Parameter Settings for User Entity Instance: registro_sost:inst21 ;
+----------------+-------+------------------------------------------+
; Parameter Name ; Value ; Type                                     ;
+----------------+-------+------------------------------------------+
; n              ; 4     ; Signed Integer                           ;
+----------------+-------+------------------------------------------+
Note: In order to hide this table in the UI and the text report file, please set the "Show Parameter Settings in Synthesis Report" option in "Analysis and Synthesis Settings -> More Settings" to "Off".


+--------------------------------------------------------------------------+
; Parameter Settings for User Entity Instance: registro_sost_monedas:inst5 ;
+----------------+-------+-------------------------------------------------+
; Parameter Name ; Value ; Type                                            ;
+----------------+-------+-------------------------------------------------+
; n              ; 3     ; Signed Integer                                  ;
+----------------+-------+-------------------------------------------------+
Note: In order to hide this table in the UI and the text report file, please set the "Show Parameter Settings in Synthesis Report" option in "Analysis and Synthesis Settings -> More Settings" to "Off".


+-----------------------------------------------------------------------------------------------+
; altsyncram Parameter Settings by Entity Instance                                              ;
+-------------------------------------------+---------------------------------------------------+
; Name                                      ; Value                                             ;
+-------------------------------------------+---------------------------------------------------+
; Number of entity instances                ; 1                                                 ;
; Entity Instance                           ; RAMProyecto:inst4|altsyncram:altsyncram_component ;
;     -- OPERATION_MODE                     ; SINGLE_PORT                                       ;
;     -- WIDTH_A                            ; 5                                                 ;
;     -- NUMWORDS_A                         ; 16                                                ;
;     -- OUTDATA_REG_A                      ; CLOCK0                                            ;
;     -- WIDTH_B                            ; 1                                                 ;
;     -- NUMWORDS_B                         ; 0                                                 ;
;     -- ADDRESS_REG_B                      ; CLOCK1                                            ;
;     -- OUTDATA_REG_B                      ; UNREGISTERED                                      ;
;     -- RAM_BLOCK_TYPE                     ; AUTO                                              ;
;     -- READ_DURING_WRITE_MODE_MIXED_PORTS ; DONT_CARE                                         ;
+-------------------------------------------+---------------------------------------------------+


+-----------------------------------------------------+
; Post-Synthesis Netlist Statistics for Top Partition ;
+-----------------------+-----------------------------+
; Type                  ; Count                       ;
+-----------------------+-----------------------------+
; boundary_port         ; 33                          ;
; cycloneiii_ff         ; 97                          ;
;     CLR               ; 20                          ;
;     ENA               ; 6                           ;
;     SCLR              ; 6                           ;
;     plain             ; 65                          ;
; cycloneiii_lcell_comb ; 80                          ;
;     arith             ; 8                           ;
;         2 data inputs ; 7                           ;
;         3 data inputs ; 1                           ;
;     normal            ; 72                          ;
;         0 data inputs ; 2                           ;
;         1 data inputs ; 12                          ;
;         2 data inputs ; 11                          ;
;         3 data inputs ; 25                          ;
;         4 data inputs ; 22                          ;
; cycloneiii_ram_block  ; 5                           ;
;                       ;                             ;
; Max LUT depth         ; 2.00                        ;
; Average LUT depth     ; 1.14                        ;
+-----------------------+-----------------------------+


+-------------------------------+
; Elapsed Time Per Partition    ;
+----------------+--------------+
; Partition Name ; Elapsed Time ;
+----------------+--------------+
; Top            ; 00:00:01     ;
+----------------+--------------+


+-------------------------------+
; Analysis & Synthesis Messages ;
+-------------------------------+
Info: *******************************************************************
Info: Running Quartus Prime Analysis & Synthesis
    Info: Version 17.0.0 Build 595 04/25/2017 SJ Standard Edition
    Info: Processing started: Wed Jan 16 13:25:15 2019
Info: Command: quartus_map --read_settings_files=on --write_settings_files=off proyecto -c proyecto
Warning (18236): Number of processors has not been specified which may cause overloading on shared machines.  Set the global assignment NUM_PARALLEL_PROCESSORS in your QSF to an appropriate value for best performance.
Info (20030): Parallel compilation is enabled and will use 4 of the 4 processors detected
Info (12021): Found 2 design units, including 1 entities, in source file antirebote.vhd
    Info (12022): Found design unit 1: ANTIREBOTE-a File: E:/ProyectoDIGI/proyecto2 - Copy - sinEntrada/ANTIREBOTE.vhd Line: 12
    Info (12023): Found entity 1: ANTIREBOTE File: E:/ProyectoDIGI/proyecto2 - Copy - sinEntrada/ANTIREBOTE.vhd Line: 7
Info (12021): Found 2 design units, including 1 entities, in source file mss.vhd
    Info (12022): Found design unit 1: mss-solucion File: E:/ProyectoDIGI/proyecto2 - Copy - sinEntrada/mss.vhd Line: 9
    Info (12023): Found entity 1: mss File: E:/ProyectoDIGI/proyecto2 - Copy - sinEntrada/mss.vhd Line: 3
Info (12021): Found 2 design units, including 1 entities, in source file clock_div_50.vhd
    Info (12022): Found design unit 1: CLOCK_DIV_50-a File: E:/ProyectoDIGI/proyecto2 - Copy - sinEntrada/CLOCK_DIV_50.vhd Line: 18
    Info (12023): Found entity 1: CLOCK_DIV_50 File: E:/ProyectoDIGI/proyecto2 - Copy - sinEntrada/CLOCK_DIV_50.vhd Line: 6
Info (12021): Found 2 design units, including 1 entities, in source file registro_universal.vhd
    Info (12022): Found design unit 1: registro_universal-sol File: E:/ProyectoDIGI/proyecto2 - Copy - sinEntrada/registro_universal.vhd Line: 12
    Info (12023): Found entity 1: registro_universal File: E:/ProyectoDIGI/proyecto2 - Copy - sinEntrada/registro_universal.vhd Line: 5
Info (12021): Found 2 design units, including 1 entities, in source file registro_sost.vhd
    Info (12022): Found design unit 1: registro_sost-sol File: E:/ProyectoDIGI/proyecto2 - Copy - sinEntrada/registro_sost.vhd Line: 13
    Info (12023): Found entity 1: registro_sost File: E:/ProyectoDIGI/proyecto2 - Copy - sinEntrada/registro_sost.vhd Line: 5
Info (12021): Found 2 design units, including 1 entities, in source file contador_up.vhd
    Info (12022): Found design unit 1: contador_UP-sol File: E:/ProyectoDIGI/proyecto2 - Copy - sinEntrada/contador_UP.vhd Line: 11
    Info (12023): Found entity 1: contador_UP File: E:/ProyectoDIGI/proyecto2 - Copy - sinEntrada/contador_UP.vhd Line: 5
Info (12021): Found 1 design units, including 1 entities, in source file simulacion.bdf
    Info (12023): Found entity 1: SIMULACION
Info (12021): Found 2 design units, including 1 entities, in source file comparador_viajes.vhd
    Info (12022): Found design unit 1: comparador_viajes-sol File: E:/ProyectoDIGI/proyecto2 - Copy - sinEntrada/comparador_viajes.vhd Line: 14
    Info (12023): Found entity 1: comparador_viajes File: E:/ProyectoDIGI/proyecto2 - Copy - sinEntrada/comparador_viajes.vhd Line: 5
Info (12021): Found 2 design units, including 1 entities, in source file comparador_monedas.vhd
    Info (12022): Found design unit 1: comparador_monedas-sol File: E:/ProyectoDIGI/proyecto2 - Copy - sinEntrada/comparador_monedas.vhd Line: 14
    Info (12023): Found entity 1: comparador_monedas File: E:/ProyectoDIGI/proyecto2 - Copy - sinEntrada/comparador_monedas.vhd Line: 5
Info (12021): Found 2 design units, including 1 entities, in source file contador_up_viajes.vhd
    Info (12022): Found design unit 1: contador_UP_viajes-sol File: E:/ProyectoDIGI/proyecto2 - Copy - sinEntrada/contador_UP_viajes.vhd Line: 11
    Info (12023): Found entity 1: contador_UP_viajes File: E:/ProyectoDIGI/proyecto2 - Copy - sinEntrada/contador_UP_viajes.vhd Line: 5
Info (12021): Found 2 design units, including 1 entities, in source file contador_up_monedas.vhd
    Info (12022): Found design unit 1: contador_UP_monedas-sol File: E:/ProyectoDIGI/proyecto2 - Copy - sinEntrada/contador_UP_monedas.vhd Line: 11
    Info (12023): Found entity 1: contador_UP_monedas File: E:/ProyectoDIGI/proyecto2 - Copy - sinEntrada/contador_UP_monedas.vhd Line: 5
Info (12021): Found 2 design units, including 1 entities, in source file registro_sost_monedas.vhd
    Info (12022): Found design unit 1: registro_sost_monedas-sol File: E:/ProyectoDIGI/proyecto2 - Copy - sinEntrada/registro_sost_monedas.vhd Line: 13
    Info (12023): Found entity 1: registro_sost_monedas File: E:/ProyectoDIGI/proyecto2 - Copy - sinEntrada/registro_sost_monedas.vhd Line: 5
Info (12021): Found 2 design units, including 1 entities, in source file ramproyecto.vhd
    Info (12022): Found design unit 1: ramproyecto-SYN File: E:/ProyectoDIGI/proyecto2 - Copy - sinEntrada/RAMProyecto.vhd Line: 54
    Info (12023): Found entity 1: RAMProyecto File: E:/ProyectoDIGI/proyecto2 - Copy - sinEntrada/RAMProyecto.vhd Line: 42
Info (12127): Elaborating entity "SIMULACION" for the top level hierarchy
Info (12128): Elaborating entity "mss" for hierarchy "mss:inst2"
Warning (10492): VHDL Process Statement warning at mss.vhd(52): signal "lectura" is read inside the Process Statement but isn't in the Process Statement's sensitivity list File: E:/ProyectoDIGI/proyecto2 - Copy - sinEntrada/mss.vhd Line: 52
Warning (10492): VHDL Process Statement warning at mss.vhd(61): signal "comprar" is read inside the Process Statement but isn't in the Process Statement's sensitivity list File: E:/ProyectoDIGI/proyecto2 - Copy - sinEntrada/mss.vhd Line: 61
Warning (10492): VHDL Process Statement warning at mss.vhd(63): signal "moneda" is read inside the Process Statement but isn't in the Process Statement's sensitivity list File: E:/ProyectoDIGI/proyecto2 - Copy - sinEntrada/mss.vhd Line: 63
Warning (10492): VHDL Process Statement warning at mss.vhd(64): signal "stopM" is read inside the Process Statement but isn't in the Process Statement's sensitivity list File: E:/ProyectoDIGI/proyecto2 - Copy - sinEntrada/mss.vhd Line: 64
Warning (10631): VHDL Process Statement warning at mss.vhd(46): inferring latch(es) for signal or variable "resetNN", which holds its previous value in one or more paths through the process File: E:/ProyectoDIGI/proyecto2 - Copy - sinEntrada/mss.vhd Line: 46
Warning (10631): VHDL Process Statement warning at mss.vhd(46): inferring latch(es) for signal or variable "resetRG", which holds its previous value in one or more paths through the process File: E:/ProyectoDIGI/proyecto2 - Copy - sinEntrada/mss.vhd Line: 46
Warning (10631): VHDL Process Statement warning at mss.vhd(46): inferring latch(es) for signal or variable "enRG", which holds its previous value in one or more paths through the process File: E:/ProyectoDIGI/proyecto2 - Copy - sinEntrada/mss.vhd Line: 46
Warning (10631): VHDL Process Statement warning at mss.vhd(46): inferring latch(es) for signal or variable "enN", which holds its previous value in one or more paths through the process File: E:/ProyectoDIGI/proyecto2 - Copy - sinEntrada/mss.vhd Line: 46
Warning (10631): VHDL Process Statement warning at mss.vhd(46): inferring latch(es) for signal or variable "ldN", which holds its previous value in one or more paths through the process File: E:/ProyectoDIGI/proyecto2 - Copy - sinEntrada/mss.vhd Line: 46
Warning (10631): VHDL Process Statement warning at mss.vhd(46): inferring latch(es) for signal or variable "enDD", which holds its previous value in one or more paths through the process File: E:/ProyectoDIGI/proyecto2 - Copy - sinEntrada/mss.vhd Line: 46
Warning (10631): VHDL Process Statement warning at mss.vhd(46): inferring latch(es) for signal or variable "resetD", which holds its previous value in one or more paths through the process File: E:/ProyectoDIGI/proyecto2 - Copy - sinEntrada/mss.vhd Line: 46
Warning (10631): VHDL Process Statement warning at mss.vhd(46): inferring latch(es) for signal or variable "EnM", which holds its previous value in one or more paths through the process File: E:/ProyectoDIGI/proyecto2 - Copy - sinEntrada/mss.vhd Line: 46
Info (10041): Inferred latch for "EnM" at mss.vhd(46) File: E:/ProyectoDIGI/proyecto2 - Copy - sinEntrada/mss.vhd Line: 46
Info (10041): Inferred latch for "resetD" at mss.vhd(46) File: E:/ProyectoDIGI/proyecto2 - Copy - sinEntrada/mss.vhd Line: 46
Info (10041): Inferred latch for "enDD" at mss.vhd(46) File: E:/ProyectoDIGI/proyecto2 - Copy - sinEntrada/mss.vhd Line: 46
Info (10041): Inferred latch for "ldN" at mss.vhd(46) File: E:/ProyectoDIGI/proyecto2 - Copy - sinEntrada/mss.vhd Line: 46
Info (10041): Inferred latch for "enN" at mss.vhd(46) File: E:/ProyectoDIGI/proyecto2 - Copy - sinEntrada/mss.vhd Line: 46
Info (10041): Inferred latch for "enRG" at mss.vhd(46) File: E:/ProyectoDIGI/proyecto2 - Copy - sinEntrada/mss.vhd Line: 46
Info (10041): Inferred latch for "resetRG" at mss.vhd(46) File: E:/ProyectoDIGI/proyecto2 - Copy - sinEntrada/mss.vhd Line: 46
Info (10041): Inferred latch for "resetNN" at mss.vhd(46) File: E:/ProyectoDIGI/proyecto2 - Copy - sinEntrada/mss.vhd Line: 46
Info (12128): Elaborating entity "ANTIREBOTE" for hierarchy "ANTIREBOTE:inst8"
Info (12128): Elaborating entity "CLOCK_DIV_50" for hierarchy "CLOCK_DIV_50:inst3"
Info (12128): Elaborating entity "comparador_viajes" for hierarchy "comparador_viajes:inst10"
Info (12128): Elaborating entity "RAMProyecto" for hierarchy "RAMProyecto:inst4"
Info (12128): Elaborating entity "altsyncram" for hierarchy "RAMProyecto:inst4|altsyncram:altsyncram_component" File: E:/ProyectoDIGI/proyecto2 - Copy - sinEntrada/RAMProyecto.vhd Line: 61
Info (12130): Elaborated megafunction instantiation "RAMProyecto:inst4|altsyncram:altsyncram_component" File: E:/ProyectoDIGI/proyecto2 - Copy - sinEntrada/RAMProyecto.vhd Line: 61
Info (12133): Instantiated megafunction "RAMProyecto:inst4|altsyncram:altsyncram_component" with the following parameter: File: E:/ProyectoDIGI/proyecto2 - Copy - sinEntrada/RAMProyecto.vhd Line: 61
    Info (12134): Parameter "address_aclr_a" = "UNUSED"
    Info (12134): Parameter "address_aclr_b" = "NONE"
    Info (12134): Parameter "address_reg_b" = "CLOCK1"
    Info (12134): Parameter "byte_size" = "8"
    Info (12134): Parameter "byteena_aclr_a" = "UNUSED"
    Info (12134): Parameter "byteena_aclr_b" = "NONE"
    Info (12134): Parameter "byteena_reg_b" = "CLOCK1"
    Info (12134): Parameter "clock_enable_core_a" = "USE_INPUT_CLKEN"
    Info (12134): Parameter "clock_enable_core_b" = "USE_INPUT_CLKEN"
    Info (12134): Parameter "clock_enable_input_a" = "BYPASS"
    Info (12134): Parameter "clock_enable_input_b" = "NORMAL"
    Info (12134): Parameter "clock_enable_output_a" = "BYPASS"
    Info (12134): Parameter "clock_enable_output_b" = "NORMAL"
    Info (12134): Parameter "intended_device_family" = "Cyclone V"
    Info (12134): Parameter "ecc_pipeline_stage_enabled" = "FALSE"
    Info (12134): Parameter "enable_ecc" = "FALSE"
    Info (12134): Parameter "implement_in_les" = "OFF"
    Info (12134): Parameter "indata_aclr_a" = "UNUSED"
    Info (12134): Parameter "indata_aclr_b" = "NONE"
    Info (12134): Parameter "indata_reg_b" = "CLOCK1"
    Info (12134): Parameter "init_file" = "proyecto.mif"
    Info (12134): Parameter "init_file_layout" = "PORT_A"
    Info (12134): Parameter "maximum_depth" = "0"
    Info (12134): Parameter "numwords_a" = "16"
    Info (12134): Parameter "numwords_b" = "0"
    Info (12134): Parameter "operation_mode" = "SINGLE_PORT"
    Info (12134): Parameter "outdata_aclr_a" = "NONE"
    Info (12134): Parameter "outdata_aclr_b" = "NONE"
    Info (12134): Parameter "outdata_reg_a" = "CLOCK0"
    Info (12134): Parameter "outdata_reg_b" = "UNREGISTERED"
    Info (12134): Parameter "power_up_uninitialized" = "FALSE"
    Info (12134): Parameter "ram_block_type" = "AUTO"
    Info (12134): Parameter "rdcontrol_aclr_b" = "NONE"
    Info (12134): Parameter "rdcontrol_reg_b" = "CLOCK1"
    Info (12134): Parameter "read_during_write_mode_mixed_ports" = "DONT_CARE"
    Info (12134): Parameter "read_during_write_mode_port_a" = "NEW_DATA_NO_NBE_READ"
    Info (12134): Parameter "read_during_write_mode_port_b" = "NEW_DATA_NO_NBE_READ"
    Info (12134): Parameter "stratixiv_m144k_allow_dual_clocks" = "ON"
    Info (12134): Parameter "width_a" = "5"
    Info (12134): Parameter "width_b" = "1"
    Info (12134): Parameter "width_byteena_a" = "1"
    Info (12134): Parameter "width_byteena_b" = "1"
    Info (12134): Parameter "width_eccstatus" = "3"
    Info (12134): Parameter "widthad_a" = "4"
    Info (12134): Parameter "widthad_b" = "1"
    Info (12134): Parameter "wrcontrol_aclr_a" = "UNUSED"
    Info (12134): Parameter "wrcontrol_aclr_b" = "NONE"
    Info (12134): Parameter "wrcontrol_wraddress_reg_b" = "CLOCK1"
    Info (12134): Parameter "lpm_hint" = "ENABLE_RUNTIME_MOD=NO"
    Info (12134): Parameter "lpm_type" = "altsyncram"
Info (12021): Found 1 design units, including 1 entities, in source file db/altsyncram_1gr3.tdf
    Info (12023): Found entity 1: altsyncram_1gr3 File: E:/ProyectoDIGI/proyecto2 - Copy - sinEntrada/db/altsyncram_1gr3.tdf Line: 28
Info (12128): Elaborating entity "altsyncram_1gr3" for hierarchy "RAMProyecto:inst4|altsyncram:altsyncram_component|altsyncram_1gr3:auto_generated" File: c:/intelfpga/17.0/quartus/libraries/megafunctions/altsyncram.tdf Line: 792
Info (12128): Elaborating entity "registro_sost" for hierarchy "registro_sost:inst21"
Info (12128): Elaborating entity "contador_UP_viajes" for hierarchy "contador_UP_viajes:insta"
Info (12128): Elaborating entity "comparador_monedas" for hierarchy "comparador_monedas:inst11"
Info (12128): Elaborating entity "contador_UP_monedas" for hierarchy "contador_UP_monedas:inst19"
Info (12128): Elaborating entity "registro_sost_monedas" for hierarchy "registro_sost_monedas:inst5"
Warning (13024): Output pins are stuck at VCC or GND
    Warning (13410): Pin "resetRG" is stuck at VCC
    Warning (13410): Pin "enN" is stuck at VCC
    Warning (13410): Pin "resetNN" is stuck at VCC
Info (286030): Timing-Driven Synthesis is running
Info (17036): Removed 3 MSB VCC or GND address nodes from RAM block "RAMProyecto:inst4|altsyncram:altsyncram_component|altsyncram_1gr3:auto_generated|ALTSYNCRAM" File: E:/ProyectoDIGI/proyecto2 - Copy - sinEntrada/db/altsyncram_1gr3.tdf Line: 33
Info (16010): Generating hard_block partition "hard_block:auto_generated_inst"
    Info (16011): Adding 0 node(s), including 0 DDIO, 0 PLL, 0 transceiver and 0 LCELL
Info (21057): Implemented 150 device resources after synthesis - the final resource count might be different
    Info (21058): Implemented 9 input pins
    Info (21059): Implemented 24 output pins
    Info (21061): Implemented 112 logic cells
    Info (21064): Implemented 5 RAM segments
Info: Quartus Prime Analysis & Synthesis was successful. 0 errors, 17 warnings
    Info: Peak virtual memory: 4834 megabytes
    Info: Processing ended: Wed Jan 16 13:25:35 2019
    Info: Elapsed time: 00:00:20
    Info: Total CPU time (on all processors): 00:00:31


